I'm sorry, but errors were detected in your script. Please correct the
errors listed below, and try again.


File "game/Chapters/lagoon2.rpy", line 146: Line is indented, but the preceding say statement statement does not expect a block. Please check this line's indentation. You may have forgotten a colon (:).
    scene psychedelic_trip_tongue
    ^

Ren'Py Version: Ren'Py 8.1.3.23091805
Fri Dec 29 17:59:47 2023
